exports[`<Error404 /> renders a snapshot 1`] = `
<div>
  Sorry, that page was not found.
</div>
`;
