exports[`<Home /> renders a snapshot 1`] = `
<article>
  <HelmetWrapper
    title="Home" />
  <p>
    This starter kit contains all the build tooling and configuration you need to kick off your next universal react project, whilst containing a minimal project set up allowing you to make your own architecture decisions (redux/mobx etc).
  </p>
</article>
`;
